Command line invocation:
    /Applications/Xcode_15.4.app/Contents/Developer/usr/bin/xcodebuild build -project VibeMusic.xcodeproj -scheme VibeMusic -configuration Release -sdk iphoneos -arch arm64 -derivedDataPath DerivedData CODE_SIGN_IDENTITY= CODE_SIGNING_REQUIRED=NO CODE_SIGNING_ALLOWED=NO YOUTUBE_API_KEY=AIzaSyDuUwHCAdHE-L11aF5OfTXVAPXV-Gp71NA

User defaults from command line:
    IDEDerivedDataPathOverride = /Users/runner/work/VibeMusic/VibeMusic/DerivedData
    IDEPackageSupportUseBuiltinSCM = YES

Build settings from command line:
    ARCHS = arm64
    CODE_SIGN_IDENTITY = 
    CODE_SIGNING_ALLOWED = NO
    CODE_SIGNING_REQUIRED = NO
    SDKROOT = iphoneos17.5
    YOUTUBE_API_KEY = AIzaSyDuUwHCAdHE-L11aF5OfTXVAPXV-Gp71NA

Prepare packages

note: Using codesigning identity override: 
ComputeTargetDependencyGraph
note: Building targets in dependency order
note: Target dependency graph (1 target)
    Target 'VibeMusic' in project 'VibeMusic' (no dependencies)

GatherProvisioningInputs

CreateBuildDescription

ExecuteExternalTool /Applications/Xcode_15.4.app/Contents/Developer/Toolchains/XcodeDefault.xctoolchain/usr/bin/swiftc -v

ExecuteExternalTool /Applications/Xcode_15.4.app/Contents/Developer/Toolchains/XcodeDefault.xctoolchain/usr/bin/clang -v -E -dM -isysroot /Applications/Xcode_15.4.app/Contents/Developer/Platforms/iPhoneOS.platform/Developer/SDKs/iPhoneOS17.5.sdk -x c -c /dev/null

ExecuteExternalTool /Applications/Xcode_15.4.app/Contents/Developer/Toolchains/XcodeDefault.xctoolchain/usr/bin/ld -version_details

Build description signature: 326b641014d42f0a020455678b6d1bd1
Build description path: /Users/runner/work/VibeMusic/VibeMusic/DerivedData/Build/Intermediates.noindex/XCBuildData/326b641014d42f0a020455678b6d1bd1.xcbuilddata
ClangStatCache /Applications/Xcode_15.4.app/Contents/Developer/Toolchains/XcodeDefault.xctoolchain/usr/bin/clang-stat-cache /Applications/Xcode_15.4.app/Contents/Developer/Platforms/iPhoneOS.platform/Developer/SDKs/iPhoneOS17.5.sdk /Users/runner/work/VibeMusic/VibeMusic/DerivedData/SDKStatCaches.noindex/iphoneos17.5-21F77-f0fa7969d082b13145125136a829df3a.sdkstatcache
    cd /Users/runner/work/VibeMusic/VibeMusic/VibeMusic.xcodeproj
    /Applications/Xcode_15.4.app/Contents/Developer/Toolchains/XcodeDefault.xctoolchain/usr/bin/clang-stat-cache /Applications/Xcode_15.4.app/Contents/Developer/Platforms/iPhoneOS.platform/Developer/SDKs/iPhoneOS17.5.sdk -o /Users/runner/work/VibeMusic/VibeMusic/DerivedData/SDKStatCaches.noindex/iphoneos17.5-21F77-f0fa7969d082b13145125136a829df3a.sdkstatcache

CreateBuildDirectory /Users/runner/work/VibeMusic/VibeMusic/DerivedData/Build/Products
    cd /Users/runner/work/VibeMusic/VibeMusic/VibeMusic.xcodeproj
    builtin-create-build-directory /Users/runner/work/VibeMusic/VibeMusic/DerivedData/Build/Products

CreateBuildDirectory /Users/runner/work/VibeMusic/VibeMusic/DerivedData/Build/Intermediates.noindex
    cd /Users/runner/work/VibeMusic/VibeMusic/VibeMusic.xcodeproj
    builtin-create-build-directory /Users/runner/work/VibeMusic/VibeMusic/DerivedData/Build/Intermediates.noindex

CreateBuildDirectory /Users/runner/work/VibeMusic/VibeMusic/DerivedData/Build/Intermediates.noindex/EagerLinkingTBDs/Release-iphoneos
    cd /Users/runner/work/VibeMusic/VibeMusic/VibeMusic.xcodeproj
    builtin-create-build-directory /Users/runner/work/VibeMusic/VibeMusic/DerivedData/Build/Intermediates.noindex/EagerLinkingTBDs/Release-iphoneos

CreateBuildDirectory /Users/runner/work/VibeMusic/VibeMusic/DerivedData/Build/Products/Release-iphoneos
    cd /Users/runner/work/VibeMusic/VibeMusic/VibeMusic.xcodeproj
    builtin-create-build-directory /Users/runner/work/VibeMusic/VibeMusic/DerivedData/Build/Products/Release-iphoneos

MkDir /Users/runner/work/VibeMusic/VibeMusic/DerivedData/Build/Products/Release-iphoneos/VibeMusic.app (in target 'VibeMusic' from project 'VibeMusic')
    cd /Users/runner/work/VibeMusic/VibeMusic
    /bin/mkdir -p /Users/runner/work/VibeMusic/VibeMusic/DerivedData/Build/Products/Release-iphoneos/VibeMusic.app

WriteAuxiliaryFile /Users/runner/work/VibeMusic/VibeMusic/DerivedData/Build/Intermediates.noindex/VibeMusic.build/Release-iphoneos/VibeMusic.build/all-product-headers.yaml (in target 'VibeMusic' from project 'VibeMusic')
    cd /Users/runner/work/VibeMusic/VibeMusic
    write-file /Users/runner/work/VibeMusic/VibeMusic/DerivedData/Build/Intermediates.noindex/VibeMusic.build/Release-iphoneos/VibeMusic.build/all-product-headers.yaml

WriteAuxiliaryFile /Users/runner/work/VibeMusic/VibeMusic/DerivedData/Build/Intermediates.noindex/VibeMusic.build/Release-iphoneos/VibeMusic.build/VibeMusic.hmap (in target 'VibeMusic' from project 'VibeMusic')
    cd /Users/runner/work/VibeMusic/VibeMusic
    write-file /Users/runner/work/VibeMusic/VibeMusic/DerivedData/Build/Intermediates.noindex/VibeMusic.build/Release-iphoneos/VibeMusic.build/VibeMusic.hmap

WriteAuxiliaryFile /Users/runner/work/VibeMusic/VibeMusic/DerivedData/Build/Intermediates.noindex/VibeMusic.build/Release-iphoneos/VibeMusic.build/VibeMusic-project-headers.hmap (in target 'VibeMusic' from project 'VibeMusic')
    cd /Users/runner/work/VibeMusic/VibeMusic
    write-file /Users/runner/work/VibeMusic/VibeMusic/DerivedData/Build/Intermediates.noindex/VibeMusic.build/Release-iphoneos/VibeMusic.build/VibeMusic-project-headers.hmap

WriteAuxiliaryFile /Users/runner/work/VibeMusic/VibeMusic/DerivedData/Build/Intermediates.noindex/VibeMusic.build/Release-iphoneos/VibeMusic.build/VibeMusic-own-target-headers.hmap (in target 'VibeMusic' from project 'VibeMusic')
    cd /Users/runner/work/VibeMusic/VibeMusic
    write-file /Users/runner/work/VibeMusic/VibeMusic/DerivedData/Build/Intermediates.noindex/VibeMusic.build/Release-iphoneos/VibeMusic.build/VibeMusic-own-target-headers.hmap

WriteAuxiliaryFile /Users/runner/work/VibeMusic/VibeMusic/DerivedData/Build/Intermediates.noindex/VibeMusic.build/Release-iphoneos/VibeMusic.build/VibeMusic-generated-files.hmap (in target 'VibeMusic' from project 'VibeMusic')
    cd /Users/runner/work/VibeMusic/VibeMusic
    write-file /Users/runner/work/VibeMusic/VibeMusic/DerivedData/Build/Intermediates.noindex/VibeMusic.build/Release-iphoneos/VibeMusic.build/VibeMusic-generated-files.hmap

WriteAuxiliaryFile /Users/runner/work/VibeMusic/VibeMusic/DerivedData/Build/Intermediates.noindex/VibeMusic.build/Release-iphoneos/VibeMusic.build/VibeMusic-all-target-headers.hmap (in target 'VibeMusic' from project 'VibeMusic')
    cd /Users/runner/work/VibeMusic/VibeMusic
    write-file /Users/runner/work/VibeMusic/VibeMusic/DerivedData/Build/Intermediates.noindex/VibeMusic.build/Release-iphoneos/VibeMusic.build/VibeMusic-all-target-headers.hmap

WriteAuxiliaryFile /Users/runner/work/VibeMusic/VibeMusic/DerivedData/Build/Intermediates.noindex/VibeMusic.build/Release-iphoneos/VibeMusic.build/VibeMusic-all-non-framework-target-headers.hmap (in target 'VibeMusic' from project 'VibeMusic')
    cd /Users/runner/work/VibeMusic/VibeMusic
    write-file /Users/runner/work/VibeMusic/VibeMusic/DerivedData/Build/Intermediates.noindex/VibeMusic.build/Release-iphoneos/VibeMusic.build/VibeMusic-all-non-framework-target-headers.hmap

WriteAuxiliaryFile /Users/runner/work/VibeMusic/VibeMusic/DerivedData/Build/Intermediates.noindex/VibeMusic.build/Release-iphoneos/VibeMusic.build/Objects-normal/arm64/VibeMusic_const_extract_protocols.json (in target 'VibeMusic' from project 'VibeMusic')
    cd /Users/runner/work/VibeMusic/VibeMusic
    write-file /Users/runner/work/VibeMusic/VibeMusic/DerivedData/Build/Intermediates.noindex/VibeMusic.build/Release-iphoneos/VibeMusic.build/Objects-normal/arm64/VibeMusic_const_extract_protocols.json

WriteAuxiliaryFile /Users/runner/work/VibeMusic/VibeMusic/DerivedData/Build/Intermediates.noindex/VibeMusic.build/Release-iphoneos/VibeMusic.build/Objects-normal/arm64/VibeMusic.LinkFileList (in target 'VibeMusic' from project 'VibeMusic')
    cd /Users/runner/work/VibeMusic/VibeMusic
    write-file /Users/runner/work/VibeMusic/VibeMusic/DerivedData/Build/Intermediates.noindex/VibeMusic.build/Release-iphoneos/VibeMusic.build/Objects-normal/arm64/VibeMusic.LinkFileList

WriteAuxiliaryFile /Users/runner/work/VibeMusic/VibeMusic/DerivedData/Build/Intermediates.noindex/VibeMusic.build/Release-iphoneos/VibeMusic.build/Objects-normal/arm64/VibeMusic.SwiftFileList (in target 'VibeMusic' from project 'VibeMusic')
    cd /Users/runner/work/VibeMusic/VibeMusic
    write-file /Users/runner/work/VibeMusic/VibeMusic/DerivedData/Build/Intermediates.noindex/VibeMusic.build/Release-iphoneos/VibeMusic.build/Objects-normal/arm64/VibeMusic.SwiftFileList

WriteAuxiliaryFile /Users/runner/work/VibeMusic/VibeMusic/DerivedData/Build/Intermediates.noindex/VibeMusic.build/Release-iphoneos/VibeMusic.build/Objects-normal/arm64/VibeMusic-OutputFileMap.json (in target 'VibeMusic' from project 'VibeMusic')
